I'm sorry, but errors were detected in your script. Please correct the
errors listed below, and try again.


File "game/script.rpy", line 32: invalid syntax
            if len(allunivers)>=20
    

Ren'Py Version: Ren'Py 7.3.5.606
Fri Jun 26 16:42:49 2020
